// Jest Snapshot v1, https://goo.gl/fbAQLP

exports[`Test in MultipleCustomHooksApp should match with snapshot 1`] = `
<div>
  <h1>
    BreakingBad Quotes
  </h1>
  <hr />
  <div
    class="alert alert-info text-center"
  >
    Loading...
  </div>
  <br />
  <button
    class="btn btn-primary"
    disabled=""
  >
    Next Quote
  </button>
</div>
`;

exports[`Test in MultipleCustomHooksApp should match with snapshott 1`] = `
<div>
  <h1>
    BreakingBad Quotes
  </h1>
  <hr />
  <div
    class="alert alert-info text-center"
  >
    Loading...
  </div>
  <br />
  <button
    class="btn btn-primary"
    disabled=""
  >
    Next Quote
  </button>
</div>
`;
