// Jest Snapshot v1, https://goo.gl/fbAQLP

exports[`Test MainApp should match with snapshoot 1`] = `
<div>
  <nav
    class="navbar navbar-expand navbar-dark bg-dark rounded-3"
  >
    <div
      class="container-fluid"
    >
      <a
        class="navbar-brand"
        href="/"
      >
        useContext
      </a>
      <div
        class="collapse navbar-collapse"
        id="navbarNavAltMarkup"
      >
        <div
          class="navbar-nav"
        >
          <a
            aria-current="page"
            class="nav-link active"
            href="/"
          >
            Home
          </a>
          <a
            class="nav-link "
            href="/about"
          >
            About
          </a>
          <a
            class="nav-link "
            href="/login"
          >
            Login
          </a>
        </div>
      </div>
    </div>
  </nav>
  <hr />
  <h1>
    HomePage 
    <small />
  </h1>
  <hr />
  <pre
    data-testid="code-block"
  />
</div>
`;
